// Jest Snapshot v1, https://goo.gl/fbAQLP

exports[`Button snapshot test 1`] = `
<button
  className="btn btn-primary"
/>
`;
